$ENTRY Go
{
	= <Prout <Remove ('0123456789+-*/()') '98ASDjgwqenbasd3246asdasd9-*+-22123341(()))(()'>>
	  <Prout <Remove ('0123456789+-*/()') 'A98435932469-*+-2~asc!@##$%$%^2123341(()))(()'>>;
}

Remove
{
	(e.1 s.1 e.2) s.1 e.3 = s.1 <Remove (e.1 s.1 e.2) e.3>;
	(e.1) s.1 e.3 = <Remove (e.1) e.3>;
	(e.1) = ;
}
