
$ENTRY GO {
    = <Prout 'Refal-5 Source Beautifier'>
      <Prout '    source-file : ' <Arg 1>>      
      <Prout '----------------/'>
      <Open 'r' 1 <Arg 1>>      
      <SAVEFILE 0 <REMOVE_COMMENTS <LOADFILE 1>>>;
    };

LOADFILE {
    s.1 = <LOADFILE2 s.1 <Get s.1>>;
    };

LOADFILE2 {
    s.1 0 = ;
    s.1 e.2 0 = e.2;
    s.1 e.2 = e.2 CAR_RET <LOADFILE s.1>;
    };

SAVEFILE {
    s.1 = ;
    s.1 e.2 CAR_RET e.3 = <Put s.1 e.2> <SAVEFILE s.1 e.3>;
    s.1 e.2 = <Put s.1 e.2>;
    };

REMOVE_COMMENTS {
    e.1 = <REMOVE_COMMENTS2 CAR_RET e.1 CAR_RET>;
    };

REMOVE_COMMENTS2 {
    CAR_RET '*' e.1 CAR_RET e.2 = <REMOVE_COMMENTS2 CAR_RET e.2>;
    '/*' e.1 '*/' e.2 = <REMOVE_COMMENTS2 e.2>;
    '\'' e.1 '\'' e.2 = '\'' e.1 '\'' <REMOVE_COMMENTS2 e.2>;
    '"' e.1 '"' e.2 = '"' e.1 '"' <REMOVE_COMMENTS2 e.2>;
    CAR_RET e.1 = <REMOVE_COMMENTS2 e.1>;
    '	' e.1 = <REMOVE_COMMENTS2 ' ' e.1>;
    s.1 e.2 = s.1 <REMOVE_COMMENTS2 e.2>;
    = ;
    };