$EXTERN ParseNums;
$EXTERN LOADFILE;

$ENTRY Go
{
    = <Open 'r' 1 <Arg 1>>      
      <Prout  <Sort <ParseNums<LOADFILE 1>>>>;
}

Sort 
{
  = ;
  t.1 e.1 = <Sort<PartitLeft t.1 (e.1)>> t.1 <Sort<PartitRight t.1 (e.1)>>;  
}
   
PartitLeft
{
  s.M () =;
  s.M (s.X e.2), <Compare s.X s.M> : '+' = <PartitLeft s.M (e.2)>;
  s.M (s.X e.2) = s.X <PartitLeft s.M (e.2)>;
} 

PartitRight
{
  s.M () =;
  s.M (s.X e.2), <Compare s.X s.M> : '+' = s.X <PartitRight s.M (e.2)>;
  s.M (s.X e.2) = <PartitRight s.M (e.2)>;
}
