$ENTRY Go
{
	= 	<Prout <Type ()>>
		<Prout <Type 'asdwqeqwe'>>
		<Prout <Type 'TEWsdqwe'>>
		<Prout <Type '97872'>>
		<Prout <Type 910230>>
		<Prout <Type >>
		<Prout <Type ''>>
		<Prout <Type 'ЛРфылврлфоыв'>>
		<Prout <Type 'щзгшгЛРфылврлфоыв'>>
		<Prout <Type UUjwerASdasd>>
		<Prout <Type "Ident">>;
}