$ENTRY Go
{
  = <Prout <Sort 4 45 3 123 4565 212 3 94875 23 6 23 98 6 72 2 0>>
}

Sort 
{
  e.1 = <Sort1 () e.1>; 
};
   
Sort1 
{
  (e.1) t.Y e.2 =  <Sort1 (<Insert e.1 t.Y>) e.2>;
  (e.1) = e.1;  
}
  
Insert 
{
  e.1 t.X t.Y, <Compare t.X t.Y>:
         {
          '-' = e.1 t.X t.Y;
          s.Dummy = <Insert e.1 t.Y> t.X; 
         };
  e.1 = e.1;       
};
