$ENTRY Go
{
	= <Prout <Func1 a b c d>'\n'<Func2 a b c d>'\n'<Func3 a b c d>'\n'<Func4 a b c d>'\n'<Func5 a b c d>'\n'<Func6 a b c d>> 
}

Func1
{
	e.1 = e.1;
}

Func2
{
	s.1 e.1 = e.1;
}

Func3
{
	s.1 s.2 e.1 = e.1;
}

Func4
{
	s.1 s.2 s.3 s.4 e.1 = e.1;
}

Func5
{
	s.1 e.1 s.2 = e.1;
}

Func6
{
	s.1 s.2 s.3 s.4 e.1 = s.2 s.4 s.1 s.3;
}
