$ENTRY GO 
{
    = <Prout <FIRST ((NS mod ))((NS decl-tail ))>>
}

FIRST {
    () (e.First) = EPS;

    (t.X e.Xs) (e.First)
        , t.X: {
              (AS e.1) = <FIRST (e.Xs) (e.First)>;
              (TS e.1) = t.X;
              (NS e.1)
                  , e.First: e.L (t.X e.Fx) e.R
                  , e.Fx: {
                        EPS e.2 = <Merge (e.2) <FIRST (e.Xs) (e.First)>>;
                        e.2 = e.2;
                        }
              };
    }

Merge {
    (EPS e.1) EPS e.2 = <Merge (EPS e.1) e.2>;
    (e.1) EPS e.2 = <Merge (EPS e.1) e.2>;

    (e.1) = e.1;

    (e.1) t.X e.2
        , e.1: {
              e.L t.X e.R = <Merge (e.1) e.2>;
              e.3 = <Merge (e.1 t.X) e.2>;
              };
    }

